// Jest Snapshot v1, https://goo.gl/fbAQLP

exports[`UserInfo Component renders as expected 1`] = `
<div
  className="spacing"
>
  <p
    className="head"
  >
    <b>
      Name: 
    </b>
  </p>
  <p
    className="head"
  >
    <b>
      Birthdate: 
    </b>
  </p>
  <p
    className="head"
  >
    <b>
      Gender: 
    </b>
  </p>
  <p
    className="head"
  >
    <b>
      Address: 
    </b>
  </p>
</div>
`;
