// Jest Snapshot v1, https://goo.gl/fbAQLP

exports[`Home Component renders as expected 1`] = `
Array [
  <div
    className="nav-div"
  >
    <nav
      className="navbar navbar-expand-md"
    >
      <div
        className="collapse show navbar-collapse"
        style={Object {}}
      >
        <ul
          className="mr-auto navbar-nav"
        >
          <span
            className="navbar-text"
          >
            Secure File Upload
          </span>
        </ul>
      </div>
    </nav>
  </div>,
  <br />,
  <h2>
    NTT Data Secure File Upload
  </h2>,
  <div>
    <div
      className="App"
    >
      <div
        className="filepond--wrapper"
      >
        <input
          multiple={true}
          type="file"
        />
      </div>
    </div>
  </div>,
]
`;
