// Jest Snapshot v1, https://goo.gl/fbAQLP

exports[`BcscButton Component renders as expected 1`] = `
<div
  className="outline"
>
  <div
    className="center-align"
  >
    <button
      className="login_bcsc btn"
      onClick={[MockFunction]}
      type="button"
    >
      Login with a BC Services Card
    </button>
  </div>
</div>
`;
